MemTotal:        8073588 kB
MemFree:         2278440 kB
MemAvailable:    5929504 kB
Buffers:          363508 kB
Cached:          3254360 kB
SwapCached:            0 kB
Active:          3025896 kB
Inactive:        1801424 kB
Active(anon):    1161164 kB
Inactive(anon):    51096 kB
Active(file):    1864732 kB
Inactive(file):  1750328 kB
Unevictable:          64 kB
Mlocked:              64 kB
SwapTotal:             0 kB
SwapFree:              0 kB
Dirty:               504 kB
Writeback:             0 kB
AnonPages:       1197684 kB
Mapped:           378344 kB
Shmem:             62240 kB
KReclaimable:     343880 kB
Slab:             667256 kB
SReclaimable:     343880 kB
SUnreclaim:       323376 kB
KernelStack:       20592 kB
PageTables:        24068 kB
NFS_Unstable:          0 kB
Bounce:                0 kB
WritebackTmp:          0 kB
CommitLimit:     4036792 kB
Committed_AS:   10157940 kB
VmallocTotal:   34359738367 kB
VmallocUsed:       43924 kB
VmallocChunk:          0 kB
Percpu:            11136 kB
HardwareCorrupted:     0 kB
AnonHugePages:         0 kB
ShmemHugePages:        0 kB
ShmemPmdMapped:        0 kB
FileHugePages:         0 kB
FilePmdMapped:         0 kB
CmaTotal:              0 kB
CmaFree:               0 kB
HugePages_Total:       0
HugePages_Free:        0
HugePages_Rsvd:        0
HugePages_Surp:        0
Hugepagesize:       2048 kB
Hugetlb:               0 kB
DirectMap4k:      760488 kB
DirectMap2M:     7553024 kB
DirectMap1G:     1048576 kB